2026-04-14 11:53:51.783 → ESP: „RIN - Vintage (prod. reezy, Minhtendo & Alexis Troy)“ — RIN
2026-04-14 11:53:52.073 → ESP: „RIN - Vintage (prod. reezy, Minhtendo & Alexis Troy)“ — RIN
2026-04-14 11:53:53.112 → ESP: „A$AP Rocky - Sundress (Official Video)“ — LIVELOVEASAPVEVO
2026-04-14 11:53:53.411 → ESP: „A$AP Rocky - Sundress (Official Video)“ — LIVELOVEASAPVEVO
2026-04-14 11:56:37.953 [ESP] Button: 3
2026-04-14 11:56:37.962 → Discord: Toggle-Mute (Taster 3 (discord_mute))
2026-04-14 11:56:38.478 [ESP] Button: 3
2026-04-14 11:56:38.481 → Discord: Toggle-Mute (Taster 3 (discord_mute))
2026-04-14 11:56:39.027 [ESP] Button: 3
2026-04-14 11:56:39.032 → Discord: Toggle-Mute (Taster 3 (discord_mute))
2026-04-14 11:57:10.776 [ESP] Button: 3
2026-04-14 11:57:10.778 → Discord: Toggle-Mute (Taster 3 (discord_mute))
2026-04-14 11:57:12.676 [ESP] Button: 3
2026-04-14 11:57:12.676 → Discord: Toggle-Mute (Taster 3 (discord_mute))
2026-04-14 11:57:13.351 [ESP] Button: 3
2026-04-14 11:57:13.355 → Discord: Toggle-Mute (Taster 3 (discord_mute))
2026-04-14 11:57:13.776 [ESP] Button: 3
2026-04-14 11:57:13.776 → Discord: Toggle-Mute (Taster 3 (discord_mute))
2026-04-14 11:57:19.075 [ESP] Button: 3
2026-04-14 11:57:19.079 → Discord: Toggle-Mute (Taster 3 (discord_mute))
2026-04-14 11:57:20.301 [ESP] Button: 3
2026-04-14 11:57:20.309 → Discord: Toggle-Mute (Taster 3 (discord_mute))
2026-04-14 11:57:57.748 [ESP] Button: 3
2026-04-14 11:57:57.755 → Discord: Toggle-Mute (Taster 3 (discord_mute))
2026-04-14 12:01:31.486 [ESP] Button: 3
2026-04-14 12:01:31.493 → Discord: Toggle-Mute (Taster 3 (discord_mute))
2026-04-14 12:03:33.729 [ESP] Button: 3
2026-04-14 12:03:33.733 → Discord: Toggle-Mute (Taster 3 (discord_mute))
2026-04-14 12:03:57.304 → ESP: „RIN - Vintage (prod. reezy, Minhtendo & Alexis Troy)“ — RIN
2026-04-14 12:03:57.615 → ESP: „nimino - 'I Only Smoke When I Drink' (Official Music Video)“ — nimino
2026-04-14 12:08:15.840 → ESP: „RIN - Vintage (prod. reezy, Minhtendo & Alexis Troy)“ — RIN
2026-04-14 12:08:16.146 → ESP: „A$AP Rocky - Sundress (Official Video)“ — LIVELOVEASAPVEVO
2026-04-14 12:11:13.596 → ESP: „RIN - Vintage (prod. reezy, Minhtendo & Alexis Troy)“ — RIN
2026-04-14 12:11:13.901 → ESP: „"I'm God" by Clams Casino and Imogen Heap“ — Clams Casino
2026-04-14 12:15:38.609 → ESP: „RIN - Vintage (prod. reezy, Minhtendo & Alexis Troy)“ — RIN
2026-04-14 12:15:38.921 → ESP: „RIN - Vintage (prod. reezy, Minhtendo & Alexis Troy)“ — RIN
2026-04-14 12:15:47.266 → ESP: „They gave me an unbeatable challenge...“ — Teo
2026-04-14 12:15:47.638 → ESP: „They gave me an unbeatable challenge...“ — Teo
2026-04-14 12:29:58.589 → ESP: „RIN - Vintage (prod. reezy, Minhtendo & Alexis Troy)“ — RIN
2026-04-14 12:29:58.905 → ESP: „RIN - Vintage (prod. reezy, Minhtendo & Alexis Troy)“ — RIN
2026-04-14 12:30:06.341 → ESP: „Most I've laughed at this game in a long time“ — Teo
2026-04-14 12:30:06.661 → ESP: „Most I've laughed at this game in a long time“ — Teo
2026-04-14 12:41:54.173 → ESP: „RIN - Vintage (prod. reezy, Minhtendo & Alexis Troy)“ — RIN
2026-04-14 12:41:54.483 → ESP: „RIN - Vintage (prod. reezy, Minhtendo & Alexis Troy)“ — RIN
2026-04-14 12:42:01.951 → ESP: „CSGO brings out the best in us“ — Teo
2026-04-14 12:42:02.291 → ESP: „CSGO brings out the best in us“ — Teo
2026-04-14 12:42:15.531 → ESP: „RIN - Vintage (prod. reezy, Minhtendo & Alexis Troy)“ — RIN
2026-04-14 12:42:15.875 → ESP: „RIN - Vintage (prod. reezy, Minhtendo & Alexis Troy)“ — RIN
2026-04-14 12:42:16.233 → ESP: „The Entire History of Superman“ — alex lennen
2026-04-14 12:42:16.548 → ESP: „The Entire History of Superman“ — alex lennen
2026-04-14 13:06:56.563 → ESP: „RIN - Vintage (prod. reezy, Minhtendo & Alexis Troy)“ — RIN
2026-04-14 13:06:56.874 → ESP: „Superman (2025).“ — Implicitly Pretentious
2026-04-14 13:06:57.177 → ESP: „Superman (2025).“ — Implicitly Pretentious
2026-04-14 13:51:32.585 → ESP: „Overwatch brings out the best in us“ — Teo
2026-04-14 13:51:33.031 → ESP: „Overwatch brings out the best in us“ — Teo
2026-04-14 13:51:33.352 → ESP: „Superman (2025).“ — Implicitly Pretentious
2026-04-14 13:52:00.400 → ESP: „Overwatch brings out the best in us“ — Teo
2026-04-14 13:52:00.724 → ESP: „Overwatch brings out the best in us“ — Teo
2026-04-14 13:52:10.874 → ESP: „Superman (2025).“ — Implicitly Pretentious
2026-04-14 13:52:11.176 → ESP: „Superman (2025).“ — Implicitly Pretentious
2026-04-14 13:52:16.276 → ESP: „Trying to survive childhood with the birthday boy“ — Teo
2026-04-14 14:11:12.415 → ESP: „Superman (2025).“ — Implicitly Pretentious
2026-04-14 14:11:12.742 → ESP: „Superman (2025).“ — Implicitly Pretentious
2026-04-14 14:11:13.294 → ESP: „Trying to survive childhood with the birthday boy“ — Teo
2026-04-14 14:11:13.602 → ESP: „Trying to survive childhood with the birthday boy“ — Teo
2026-04-14 14:24:21.971 → ESP: „Superman (2025).“ — Implicitly Pretentious
2026-04-14 14:24:22.274 → ESP: „Superman (2025).“ — Implicitly Pretentious
2026-04-14 14:27:40.351 → ESP: „Skepta - Bullet From A Gun“ — SKEPTA
2026-04-14 14:27:40.668 → ESP: „Skepta - Bullet From A Gun“ — SKEPTA
2026-04-14 14:45:37.390 → ESP: „Superman (2025).“ — Implicitly Pretentious
2026-04-14 14:45:37.732 → ESP: „Skepta - 'Greaze Mode' ft. Nafe Smallz (Official Video)“ — SKEPTA
2026-04-14 14:49:09.152 → ESP: „Superman (2025).“ — Implicitly Pretentious
2026-04-14 14:49:09.454 → ESP: „LUGATTI - QUIET TIMES prod. by TRAYA“ — Kinder der Küste
2026-04-14 14:49:09.750 → ESP: „LUGATTI - QUIET TIMES prod. by TRAYA“ — Kinder der Küste
2026-04-14 14:52:17.217 → ESP: „Superman (2025).“ — Implicitly Pretentious
2026-04-14 14:52:17.530 → ESP: „Superman (2025).“ — Implicitly Pretentious
2026-04-14 14:52:18.587 → ESP: „Skepta - No Security“ — SKEPTA
2026-04-14 14:52:18.893 → ESP: „Skepta - No Security“ — SKEPTA
2026-04-14 14:54:43.428 → ESP: „Superman (2025).“ — Implicitly Pretentious
2026-04-14 14:54:43.756 → ESP: „Superman (2025).“ — Implicitly Pretentious
2026-04-14 14:54:49.934 → ESP: „I let the intrusive thoughts get to me“ — Teo
2026-04-14 14:54:50.247 → ESP: „I let the intrusive thoughts get to me“ — Teo
2026-04-14 15:02:12.957 → ESP: „Superman (2025).“ — Implicitly Pretentious
2026-04-14 15:02:13.271 → ESP: „Superman (2025).“ — Implicitly Pretentious
2026-04-14 15:02:14.702 → ESP: „CS2 Funny Moments Is Back“ — Teo
2026-04-14 15:02:15.010 → ESP: „CS2 Funny Moments Is Back“ — Teo
2026-04-14 15:02:19.629 → ESP: „This game keeps making me cry“ — Teo
2026-04-14 15:02:19.958 → ESP: „This game keeps making me cry“ — Teo
2026-04-14 15:02:20.273 → ESP: „This game keeps making me cry “ — Teo
2026-04-14 15:17:25.036 → ESP: „Superman (2025).“ — Implicitly Pretentious
2026-04-14 15:17:25.346 → ESP: „Superman (2025).“ — Implicitly Pretentious
2026-04-14 15:19:43.078 → ESP: „Netflix“ — —
2026-04-14 15:19:43.383 → ESP: „Netflix“ — —
2026-04-14 16:17:28.194 → ESP: „Superman (2025).“ — Implicitly Pretentious
2026-04-14 16:17:28.520 → ESP: „Superman (2025).“ — Implicitly Pretentious
2026-04-14 16:17:28.848 → ESP: „RIN - Vintage (prod. reezy, Minhtendo & Alexis Troy)“ — RIN
2026-04-14 16:21:18.779 Main entry (args: )
2026-04-14 16:21:18.902 [IGDB] Credentials: client_id←none; client_secret←none; effective=incomplete — set both via environment variables or igdb: in YAML.
2026-04-14 16:21:18.902 InitializeComWrappers …
2026-04-14 16:21:18.903 InitializeComWrappers OK
2026-04-14 16:21:18.903 Application.Start …
2026-04-14 16:21:18.952 Application.Start callback (UI thread)
2026-04-14 16:21:18.954 DispatcherQueue: ok
2026-04-14 16:21:18.954 SynchronizationContext gesetzt
2026-04-14 16:21:18.954 new App() …
2026-04-14 16:21:18.956 App ctor (vor InitializeComponent)
2026-04-14 16:21:18.962 new App() zurück
2026-04-14 16:21:19.006 OnLaunched BaseDirectory=C:\Users\paulm\.mainroot\Mixr\Mixr.App\bin\x64\Release\net9.0-windows10.0.22621.0\win-x64\
2026-04-14 16:21:19.006 Erste Instanz — Mutex ok.
2026-04-14 16:21:19.048 UnhandledException:
2026-04-14 16:21:19.056 Microsoft.UI.Xaml.Markup.XamlParseException: XAML parsing failed.
   at WinRT.ExceptionHelpers.<ThrowExceptionForHR>g__Throw|38_0(Int32 hr)
   at WinRT.ExceptionHelpers.ThrowExceptionForHR(Int32 hr)
   at ABI.Microsoft.UI.Xaml.IApplicationStaticsMethods.LoadComponent(IObjectReference _obj, Object component, Uri resourceLocator, ComponentResourceLocation componentResourceLocation)
   at Microsoft.UI.Xaml.Application.LoadComponent(Object component, Uri resourceLocator, ComponentResourceLocation componentResourceLocation)
   at Mixr_App.MainWindow.InitializeComponent()
   at Mixr_App.MainWindow..ctor()
   at Mixr_App.App.OnLaunched(LaunchActivatedEventArgs args)
   at Microsoft.UI.Xaml.Application.Microsoft.UI.Xaml.IApplicationOverrides.OnLaunched(LaunchActivatedEventArgs args)
   at ABI.Microsoft.UI.Xaml.IApplicationOverrides.Do_Abi_OnLaunched_0(IntPtr thisPtr, IntPtr args)
2026-04-14 17:40:48.479 Main entry (args: )
2026-04-14 17:40:48.584 [IGDB] Credentials: client_id←none; client_secret←none; effective=incomplete — set both via environment variables or igdb: in YAML.
2026-04-14 17:40:48.584 InitializeComWrappers …
2026-04-14 17:40:48.584 InitializeComWrappers OK
2026-04-14 17:40:48.585 Application.Start …
2026-04-14 17:40:48.630 Application.Start callback (UI thread)
2026-04-14 17:40:48.632 DispatcherQueue: ok
2026-04-14 17:40:48.632 SynchronizationContext gesetzt
2026-04-14 17:40:48.632 new App() …
2026-04-14 17:40:48.634 App ctor (vor InitializeComponent)
2026-04-14 17:40:48.640 new App() zurück
2026-04-14 17:40:48.677 OnLaunched BaseDirectory=C:\Users\paulm\.mainroot\Mixr\Mixr.App\bin\x64\Release\net9.0-windows10.0.22621.0\win-x64\
2026-04-14 17:40:48.677 Erste Instanz — Mutex ok.
2026-04-14 17:40:48.721 UnhandledException:
2026-04-14 17:40:48.725 Microsoft.UI.Xaml.Markup.XamlParseException: XAML parsing failed.
   at WinRT.ExceptionHelpers.<ThrowExceptionForHR>g__Throw|38_0(Int32 hr)
   at WinRT.ExceptionHelpers.ThrowExceptionForHR(Int32 hr)
   at ABI.Microsoft.UI.Xaml.IApplicationStaticsMethods.LoadComponent(IObjectReference _obj, Object component, Uri resourceLocator, ComponentResourceLocation componentResourceLocation)
   at Microsoft.UI.Xaml.Application.LoadComponent(Object component, Uri resourceLocator, ComponentResourceLocation componentResourceLocation)
   at Mixr_App.MainWindow.InitializeComponent()
   at Mixr_App.MainWindow..ctor()
   at Mixr_App.App.OnLaunched(LaunchActivatedEventArgs args)
   at Microsoft.UI.Xaml.Application.Microsoft.UI.Xaml.IApplicationOverrides.OnLaunched(LaunchActivatedEventArgs args)
   at ABI.Microsoft.UI.Xaml.IApplicationOverrides.Do_Abi_OnLaunched_0(IntPtr thisPtr, IntPtr args)
2026-04-15 00:41:46.088 Main entry (args: )
2026-04-15 00:41:46.207 [IGDB] Credentials: client_id←none; client_secret←none; effective=incomplete — set both via environment variables or igdb: in YAML.
2026-04-15 00:41:46.207 InitializeComWrappers …
2026-04-15 00:41:46.208 InitializeComWrappers OK
2026-04-15 00:41:46.208 Application.Start …
2026-04-15 00:41:46.263 Application.Start callback (UI thread)
2026-04-15 00:41:46.264 DispatcherQueue: ok
2026-04-15 00:41:46.264 SynchronizationContext gesetzt
2026-04-15 00:41:46.264 new App() …
2026-04-15 00:41:46.266 App ctor (vor InitializeComponent)
2026-04-15 00:41:46.274 new App() zurück
2026-04-15 00:41:46.316 OnLaunched BaseDirectory=C:\Users\paulm\.mainroot\Mixr\Mixr.App\bin\x64\Release\net9.0-windows10.0.22621.0\win-x64\
2026-04-15 00:41:46.316 Erste Instanz — Mutex ok.
2026-04-15 00:41:46.356 UnhandledException:
2026-04-15 00:41:46.363 Microsoft.UI.Xaml.Markup.XamlParseException: XAML parsing failed.
   at WinRT.ExceptionHelpers.<ThrowExceptionForHR>g__Throw|38_0(Int32 hr)
   at WinRT.ExceptionHelpers.ThrowExceptionForHR(Int32 hr)
   at ABI.Microsoft.UI.Xaml.IApplicationStaticsMethods.LoadComponent(IObjectReference _obj, Object component, Uri resourceLocator, ComponentResourceLocation componentResourceLocation)
   at Microsoft.UI.Xaml.Application.LoadComponent(Object component, Uri resourceLocator, ComponentResourceLocation componentResourceLocation)
   at Mixr_App.MainWindow.InitializeComponent()
   at Mixr_App.MainWindow..ctor()
   at Mixr_App.App.OnLaunched(LaunchActivatedEventArgs args)
   at Microsoft.UI.Xaml.Application.Microsoft.UI.Xaml.IApplicationOverrides.OnLaunched(LaunchActivatedEventArgs args)
   at ABI.Microsoft.UI.Xaml.IApplicationOverrides.Do_Abi_OnLaunched_0(IntPtr thisPtr, IntPtr args)
2026-04-26 04:22:42.181 Main entry (args: )
2026-04-26 04:22:42.222 [IGDB] Credentials: client_id←none; client_secret←none; effective=incomplete — set both via environment variables or igdb: in YAML.
2026-04-26 04:22:42.222 InitializeComWrappers …
2026-04-26 04:22:42.223 InitializeComWrappers OK
2026-04-26 04:22:42.223 Application.Start …
2026-04-26 04:22:42.268 Application.Start callback (UI thread)
2026-04-26 04:22:42.269 DispatcherQueue: ok
2026-04-26 04:22:42.270 SynchronizationContext gesetzt
2026-04-26 04:22:42.270 new App() …
2026-04-26 04:22:42.271 App ctor (vor InitializeComponent)
2026-04-26 04:22:42.277 new App() zurück
2026-04-26 04:22:42.289 OnLaunched BaseDirectory=C:\Users\paulm\.mainroot\Mixr\Mixr.App\bin\x64\Release\net9.0-windows10.0.22621.0\win-x64\
2026-04-26 04:22:42.289 Erste Instanz — Mutex ok.
2026-04-26 04:22:42.330 UnhandledException:
2026-04-26 04:22:42.337 Microsoft.UI.Xaml.Markup.XamlParseException: XAML parsing failed.
   at WinRT.ExceptionHelpers.<ThrowExceptionForHR>g__Throw|38_0(Int32 hr)
   at WinRT.ExceptionHelpers.ThrowExceptionForHR(Int32 hr)
   at ABI.Microsoft.UI.Xaml.IApplicationStaticsMethods.LoadComponent(IObjectReference _obj, Object component, Uri resourceLocator, ComponentResourceLocation componentResourceLocation)
   at Microsoft.UI.Xaml.Application.LoadComponent(Object component, Uri resourceLocator, ComponentResourceLocation componentResourceLocation)
   at Mixr_App.MainWindow.InitializeComponent()
   at Mixr_App.MainWindow..ctor()
   at Mixr_App.App.OnLaunched(LaunchActivatedEventArgs args)
   at Microsoft.UI.Xaml.Application.Microsoft.UI.Xaml.IApplicationOverrides.OnLaunched(LaunchActivatedEventArgs args)
   at ABI.Microsoft.UI.Xaml.IApplicationOverrides.Do_Abi_OnLaunched_0(IntPtr thisPtr, IntPtr args)
