2026-04-04 20:48:35.151 Main entry (args: )
2026-04-04 20:48:35.164 InitializeComWrappers …
2026-04-04 20:48:35.165 InitializeComWrappers OK
2026-04-04 20:48:35.166 Application.Start …
2026-04-04 20:48:35.641 Application.Start callback (UI thread)
2026-04-04 20:48:35.643 DispatcherQueue: ok
2026-04-04 20:48:35.644 SynchronizationContext gesetzt
2026-04-04 20:48:35.644 new App() …
2026-04-04 20:48:35.647 App ctor (vor InitializeComponent)
2026-04-04 20:48:35.686 new App() zurück
2026-04-04 20:48:35.977 OnLaunched BaseDirectory=C:\Users\paulm\.mainroot\Mixr\Mixr.App\bin\x64\Debug\net9.0-windows10.0.22621.0\win-x64\AppX\
2026-04-04 20:48:35.977 Erste Instanz — Mutex ok.
2026-04-04 20:48:36.358 Tray: ForceCreate ok.
2026-04-04 20:48:36.371 MixrHost: Start …
2026-04-04 20:48:36.625 Mixr → COM automatisch (ESP32-S3 USB 303A:1001) @ 921600
2026-04-04 20:48:36.625 Wiederverbindung bei USB; config.yaml wird überwacht.
2026-04-04 20:48:36.626 Taster: siehe button_mapping in config.yaml (Standard: Prev / Play / Next / Mute / Deafen).
2026-04-04 20:48:36.626 Slider: 1=Main · 2=Kommunikation · 3=Media · 4=Spiele
2026-04-04 20:48:38.248 Auto-Erkennung: installierte Programme zu session_groups hinzugefügt (siehe config.yaml).
2026-04-04 20:48:38.713 Discord-Hotkeys: Strg+Linksshift+Alt — 9 Mute, 0 Deafen, 8 Share Screen.
2026-04-04 20:48:39.648 Seriell verbunden (COM6).
2026-04-04 20:49:52.813 MixrHost: beendet (normal).
2026-04-04 20:50:06.796 Main entry (args: )
2026-04-04 20:50:06.806 InitializeComWrappers …
2026-04-04 20:50:06.807 InitializeComWrappers OK
2026-04-04 20:50:06.808 Application.Start …
2026-04-04 20:50:06.906 Application.Start callback (UI thread)
2026-04-04 20:50:06.910 DispatcherQueue: ok
2026-04-04 20:50:06.911 SynchronizationContext gesetzt
2026-04-04 20:50:06.911 new App() …
2026-04-04 20:50:06.918 App ctor (vor InitializeComponent)
2026-04-04 20:50:06.953 new App() zurück
2026-04-04 20:50:07.051 OnLaunched BaseDirectory=C:\Users\paulm\.mainroot\Mixr\Mixr.App\bin\x64\Debug\net9.0-windows10.0.22621.0\win-x64\AppX\
2026-04-04 20:50:07.052 Erste Instanz — Mutex ok.
2026-04-04 20:50:07.372 Tray: ForceCreate ok.
2026-04-04 20:50:07.384 MixrHost: Start …
2026-04-04 20:50:07.603 Mixr → COM automatisch (ESP32-S3 USB 303A:1001) @ 921600
2026-04-04 20:50:07.604 Wiederverbindung bei USB; config.yaml wird überwacht.
2026-04-04 20:50:07.604 Taster: siehe button_mapping in config.yaml (Standard: Prev / Play / Next / Mute / Deafen).
2026-04-04 20:50:07.604 Slider: 1=Main · 2=Kommunikation · 3=Media · 4=Spiele
2026-04-04 20:50:09.770 Discord-Hotkeys: Strg+Linksshift+Alt — 9 Mute, 0 Deafen, 8 Share Screen.
2026-04-04 20:50:10.780 Seriell verbunden (COM6).
2026-04-04 20:50:35.794 MixrHost: beendet (normal).
2026-04-04 21:06:39.275 Main entry (args: )
2026-04-04 21:06:39.289 InitializeComWrappers …
2026-04-04 21:06:39.290 InitializeComWrappers OK
2026-04-04 21:06:39.290 Application.Start …
2026-04-04 21:06:39.411 Application.Start callback (UI thread)
2026-04-04 21:06:39.414 DispatcherQueue: ok
2026-04-04 21:06:39.415 SynchronizationContext gesetzt
2026-04-04 21:06:39.415 new App() …
2026-04-04 21:06:39.420 App ctor (vor InitializeComponent)
2026-04-04 21:06:39.447 new App() zurück
2026-04-04 21:06:39.541 OnLaunched BaseDirectory=C:\Users\paulm\.mainroot\Mixr\Mixr.App\bin\x64\Debug\net9.0-windows10.0.22621.0\win-x64\AppX\
2026-04-04 21:06:39.542 Erste Instanz — Mutex ok.
2026-04-04 21:06:39.869 Tray: ForceCreate ok.
2026-04-04 21:06:39.881 MixrHost: Start …
2026-04-04 21:06:40.056 Mixr → COM automatisch (ESP32-S3 USB 303A:1001) @ 921600
2026-04-04 21:06:40.056 Wiederverbindung bei USB; config.yaml wird überwacht.
2026-04-04 21:06:40.057 Taster: siehe button_mapping in config.yaml (Standard: Prev / Play / Next / Mute / Deafen).
2026-04-04 21:06:40.057 Slider: 1=Main · 2=Kommunikation · 3=Media · 4=Spiele
2026-04-04 21:06:42.152 Discord-Hotkeys: Strg+Linksshift+Alt — 9 Mute, 0 Deafen, 8 Share Screen.
2026-04-04 21:06:42.976 Seriell verbunden (COM6).
2026-04-04 21:07:02.304 → ESP: „Build Modern Windows Apps with WinUI | Fluent Design, XAML & Visual Studio“ — Trio-S Software Consultancy Pvt Ltd
2026-04-04 21:07:02.622 → ESP: „Build Modern Windows Apps with WinUI | Fluent Design, XAML & Visual Studio“ — Trio-S Software Consultancy Pvt Ltd
2026-04-04 21:07:03.859 → ESP: „SOULY - ALBUM UNPLUGGED SESSION (Live @Ergün‘s Fischbude)“ — Souly
2026-04-04 21:07:04.190 → ESP: „SOULY - ALBUM UNPLUGGED SESSION (Live @Ergün‘s Fischbude)“ — Souly
2026-04-04 21:16:30.297 [ESP] Button: 3
2026-04-04 21:16:30.444 → Discord: Toggle-Mute (Taster 3 (discord_mute))
2026-04-04 21:16:33.695 [ESP] Button: 3
2026-04-04 21:16:33.717 → Discord: Toggle-Mute (Taster 3 (discord_mute))
2026-04-04 21:22:21.914 → ESP: „Twitch“ — —
2026-04-04 21:22:22.271 → ESP: „RED BULL WOLOLO Halbfinale! Tag 1 | !koro !snocks !pmm !razer !holzkern #Werbung“ — maxim
2026-04-04 21:22:24.853 → ESP: „SOULY - ALBUM UNPLUGGED SESSION (Live @Ergün‘s Fischbude)“ — Souly
2026-04-04 21:22:46.289 → ESP: „Hooligans.cz Official on X: "04.04.2026🇩🇪SG Dynamo Dresden - Hertha BSC, Hertha presented Dynamo Flag. They sang „where are your flags?“, click here for more: https://t.co/WDznWEwzvD All in one place. Tap to download. 🔗 https://t.co/FXnrFRp1rX https://t.co/DBgXUiC4G4" / X“ — —
2026-04-04 21:22:46.631 → ESP: „Hooligans.cz Official on X: "04.04.2026🇩🇪SG Dynamo Dresden - Hertha BSC, Hertha presented Dynamo Flag. They sang „where are your flags?“, click here for more: https://t.co/WDznWEwzvD All in one place. Tap to download. 🔗 https://t.co/FXnrFRp1rX https://t.co/DBgXUiC4G4" / X“ — —
2026-04-04 21:23:02.821 → ESP: „SOULY - ALBUM UNPLUGGED SESSION (Live @Ergün‘s Fischbude)“ — Souly
2026-04-04 21:23:03.165 → ESP: „Hooligans.cz Official on X: "04.04.2026🇩🇪SG Dynamo Dresden - Hertha BSC, Hertha presented Dynamo Flag. They sang „where are your flags?“, click here for more: https://t.co/WDznWEwzvD All in one place. Tap to download. 🔗 https://t.co/FXnrFRp1rX https://t.co/DBgXUiC4G4" / X“ — —
2026-04-04 21:23:04.985 → ESP: „SOULY - ALBUM UNPLUGGED SESSION (Live @Ergün‘s Fischbude)“ — Souly
2026-04-04 21:32:32.034 → ESP: „KiCad Layout Vias and Board Modifications | Part 7 | PCB Design Tips“ — HTM Workshop
2026-04-04 21:32:32.429 → ESP: „KiCad Layout Vias and Board Modifications | Part 7 | PCB Design Tips“ — HTM Workshop
2026-04-04 21:32:54.426 → ESP: „SOULY - ALBUM UNPLUGGED SESSION (Live @Ergün‘s Fischbude)“ — Souly
2026-04-04 21:32:54.746 → ESP: „SOULY - ALBUM UNPLUGGED SESSION (Live @Ergün‘s Fischbude)“ — Souly
2026-04-04 21:34:31.558 [ESP] Button: 3
2026-04-04 21:34:31.612 → Discord: Toggle-Mute (Taster 3 (discord_mute))
2026-04-04 21:36:11.420 → ESP: „Build Modern Windows Apps with WinUI | Fluent Design, XAML & Visual Studio“ — Trio-S Software Consultancy Pvt Ltd
2026-04-04 21:36:11.742 → ESP: „Build Modern Windows Apps with WinUI | Fluent Design, XAML & Visual Studio“ — Trio-S Software Consultancy Pvt Ltd
2026-04-04 21:36:13.082 → ESP: „SOULY LIVE @ MELT FESTIVAL 2024“ — Souly
2026-04-04 21:36:13.498 → ESP: „SOULY LIVE @ MELT FESTIVAL 2024“ — Souly
2026-04-04 22:09:52.761 [ESP] Button: 3
2026-04-04 22:09:52.848 → Discord: Toggle-Mute (Taster 3 (discord_mute))
2026-04-04 22:10:50.234 [ESP] Button: 1
2026-04-04 22:10:50.235 → SMTC: Play/Pause
2026-04-04 22:11:56.306 → ESP: „Build Modern Windows Apps with WinUI | Fluent Design, XAML & Visual Studio“ — Trio-S Software Consultancy Pvt Ltd
2026-04-04 22:11:56.669 → ESP: „Build Modern Windows Apps with WinUI | Fluent Design, XAML & Visual Studio“ — Trio-S Software Consultancy Pvt Ltd
2026-04-04 22:12:00.881 → ESP: „The Cuphead Let's Play that took Six Years to beat“ — RTGame
2026-04-04 22:12:01.294 → ESP: „The Cuphead Let's Play that took Six Years to beat“ — RTGame
2026-04-04 22:24:56.012 → ESP: „Build Modern Windows Apps with WinUI | Fluent Design, XAML & Visual Studio“ — Trio-S Software Consultancy Pvt Ltd
2026-04-04 22:24:56.361 → ESP: „Build Modern Windows Apps with WinUI | Fluent Design, XAML & Visual Studio“ — Trio-S Software Consultancy Pvt Ltd
2026-04-04 22:25:06.606 → ESP: „Stromae, Pomme - “Ma Meilleure Ennemie” (from Arcane Season 2) [Official Visualizer]“ — Riot Games Music
2026-04-04 22:25:07.043 → ESP: „Stromae, Pomme - “Ma Meilleure Ennemie” (from Arcane Season 2) [Official Visualizer]“ — Riot Games Music
2026-04-04 22:25:09.584 [ESP] Button: 1
2026-04-04 22:25:09.585 → SMTC: Play/Pause
2026-04-04 22:27:36.853 → ESP: „Build Modern Windows Apps with WinUI | Fluent Design, XAML & Visual Studio“ — Trio-S Software Consultancy Pvt Ltd
2026-04-04 22:27:37.231 → ESP: „Travis Scott - Type Shit Extended (TRAVIS VERSE ONLY)“ — ema
2026-04-04 22:32:07.218 → ESP: „Build Modern Windows Apps with WinUI | Fluent Design, XAML & Visual Studio“ — Trio-S Software Consultancy Pvt Ltd
2026-04-04 22:32:07.610 → ESP: „Build Modern Windows Apps with WinUI | Fluent Design, XAML & Visual Studio“ — Trio-S Software Consultancy Pvt Ltd
2026-04-04 22:32:08.745 → ESP: „Childish Gambino - Feels Like Summer (Official Video)“ — ChildishGambinoVEVO
2026-04-04 22:32:09.483 → ESP: „Childish Gambino - Feels Like Summer (Official Video)“ — ChildishGambinoVEVO
2026-04-04 22:35:40.262 → ESP: „Tolcay Ciğerci SZN on X: "„leute wir müssen alle gemeinsam ein zeichen für sichere stadien und unsere rechte setzen!!!“ Dynamo Dresden und Hertha BSC Fans währenddessen: https://t.co/5MHBEIZIoJ" / X“ — —
2026-04-04 22:35:40.654 → ESP: „Tolcay Ciğerci SZN on X: "„leute wir müssen alle gemeinsam ein zeichen für sichere stadien und unsere rechte setzen!!!“ Dynamo Dresden und Hertha BSC Fans währenddessen: https://t.co/5MHBEIZIoJ" / X“ — —
2026-04-04 22:35:49.657 → ESP: „Childish Gambino - Feels Like Summer (Official Video)“ — ChildishGambinoVEVO
2026-04-04 22:35:50.013 → ESP: „Childish Gambino - Feels Like Summer (Official Video)“ — ChildishGambinoVEVO
2026-04-04 22:36:54.549 → ESP: „Build Modern Windows Apps with WinUI | Fluent Design, XAML & Visual Studio“ — Trio-S Software Consultancy Pvt Ltd
2026-04-04 22:36:56.120 → ESP: „Billie Eilish - CHIHIRO (Official Music Video)“ — BillieEilishVEVO
2026-04-04 22:36:56.454 → ESP: „Billie Eilish - CHIHIRO (Official Music Video)“ — BillieEilishVEVO
2026-04-04 22:42:19.917 → ESP: „Build Modern Windows Apps with WinUI | Fluent Design, XAML & Visual Studio“ — Trio-S Software Consultancy Pvt Ltd
2026-04-04 22:42:20.301 → ESP: „Build Modern Windows Apps with WinUI | Fluent Design, XAML & Visual Studio“ — Trio-S Software Consultancy Pvt Ltd
2026-04-04 22:42:21.151 → ESP: „Kid Francescoli - "Moon (and it went like)" (Official Video)“ — Kid Francescoli
2026-04-04 22:42:21.479 → ESP: „Kid Francescoli - "Moon (and it went like)" (Official Video)“ — Kid Francescoli
2026-04-04 22:45:39.263 [ESP] Button: 1
2026-04-04 22:45:39.264 → SMTC: Play/Pause
2026-04-04 23:27:56.094 → ESP: „ENTSCHULDIGUNG an MOWKY! Die Anni the Duck-Files“ — Jay Riddle - Das Reine Böse
2026-04-04 23:27:56.438 → ESP: „ENTSCHULDIGUNG an MOWKY! Die Anni the Duck-Files“ — Jay Riddle - Das Reine Böse
2026-04-04 23:31:58.541 → ESP: „Kid Francescoli - "Moon (and it went like)" (Official Video)“ — Kid Francescoli
2026-04-04 23:31:58.937 → ESP: „Kid Francescoli - "Moon (and it went like)" (Official Video)“ — Kid Francescoli
2026-04-04 23:33:27.479 → ESP: „Making a Yooperlite Sphere“ — Michigan Rocks
2026-04-04 23:33:27.839 → ESP: „Making a Yooperlite Sphere“ — Michigan Rocks
2026-04-04 23:33:34.795 → ESP: „Kid Francescoli - "Moon (and it went like)" (Official Video)“ — Kid Francescoli
2026-04-04 23:33:35.150 → ESP: „Kid Francescoli - "Moon (and it went like)" (Official Video)“ — Kid Francescoli
2026-04-05 00:10:57.962 → ESP: „Anna Lena Klenke | celebforum | leak stars nackt leaks download leaked“ — —
2026-04-05 00:11:14.860 → ESP: „Kid Francescoli - "Moon (and it went like)" (Official Video)“ — Kid Francescoli
2026-04-05 00:11:15.198 → ESP: „Kid Francescoli - "Moon (and it went like)" (Official Video)“ — Kid Francescoli
2026-04-05 00:58:02.408 Main entry (args: )
2026-04-05 00:58:02.421 InitializeComWrappers …
2026-04-05 00:58:02.421 InitializeComWrappers OK
2026-04-05 00:58:02.422 Application.Start …
2026-04-05 00:58:02.524 Application.Start callback (UI thread)
2026-04-05 00:58:02.527 DispatcherQueue: ok
2026-04-05 00:58:02.528 SynchronizationContext gesetzt
2026-04-05 00:58:02.528 new App() …
2026-04-05 00:58:02.532 App ctor (vor InitializeComponent)
2026-04-05 00:58:02.556 new App() zurück
2026-04-05 00:58:02.769 OnLaunched BaseDirectory=C:\Users\paulm\.mainroot\Mixr\Mixr.App\bin\x64\Debug\net9.0-windows10.0.22621.0\win-x64\AppX\
2026-04-05 00:58:02.769 Erste Instanz — Mutex ok.
2026-04-05 00:58:03.077 Tray: ForceCreate ok.
2026-04-05 00:58:03.088 MixrHost: Start …
2026-04-05 00:58:03.268 Mixr → COM automatisch (ESP32-S3 USB 303A:1001) @ 921600
2026-04-05 00:58:03.268 Wiederverbindung bei USB; config.yaml wird überwacht.
2026-04-05 00:58:03.269 Taster: siehe button_mapping in config.yaml (Standard: Prev / Play / Next / Mute / Deafen).
2026-04-05 00:58:03.269 Slider: 1=Main · 2=Kommunikation · 3=Media · 4=Spiele
2026-04-05 00:58:04.955 Auto-Erkennung: installierte Programme zu session_groups hinzugefügt (siehe config.yaml).
2026-04-05 00:58:05.176 Discord-Hotkeys: Strg+Linksshift+Alt — 9 Mute, 0 Deafen, 8 Share Screen.
2026-04-05 00:58:06.117 Seriell verbunden (COM6).
2026-04-05 01:21:02.892 → ESP: „Trust Issues - MISH MASH #34“ — Teo
2026-04-05 01:21:03.279 → ESP: „Trust Issues - MISH MASH #34“ — Teo
2026-04-05 01:35:51.575 → ESP: „The Entire History of Spider-Man in 70 Minutes“ — alex lennen
2026-04-05 01:35:51.900 → ESP: „The Entire History of Spider-Man in 70 Minutes“ — alex lennen
2026-04-05 01:36:00.347 → ESP: „Wrongfully Banned - MISH MASH #35“ — Teo
2026-04-05 01:36:00.726 → ESP: „Wrongfully Banned - MISH MASH #35“ — Teo
